[2022-12-12T21:56:49.056+0000][0.028s] Heap region size: 1M
[2022-12-12T21:56:49.137+0000][0.108s] Using G1
[2022-12-12T21:56:49.137+0000][0.109s] Heap address: 0x00000000e0000000, size: 512 MB, Compressed Oops mode: 32-bit
[2022-12-12T21:56:49.138+0000][0.109s] Mark closed archive regions in map: [0x00000000ffe00000, 0x00000000ffe65ff8]
[2022-12-12T21:56:49.138+0000][0.110s] Mark open archive regions in map: [0x00000000ffc00000, 0x00000000ffc42ff8]
[2022-12-12T21:56:49.693+0000][0.664s] GC(0) Pause Young (Normal) (G1 Evacuation Pause)
[2022-12-12T21:56:49.694+0000][0.666s] GC(0) Using 6 workers of 6 for evacuation
[2022-12-12T21:56:50.445+0000][1.417s] GC(0)   Pre Evacuate Collection Set: 0.0ms
[2022-12-12T21:56:50.449+0000][1.420s] GC(0)   Evacuate Collection Set: 5.0ms
[2022-12-12T21:56:50.449+0000][1.420s] GC(0)   Post Evacuate Collection Set: 0.7ms
[2022-12-12T21:56:50.450+0000][1.421s] GC(0)   Other: 746.7ms
[2022-12-12T21:56:50.450+0000][1.422s] GC(0) Eden regions: 27->0(303)
[2022-12-12T21:56:50.450+0000][1.422s] GC(0) Survivor regions: 0->4(4)
[2022-12-12T21:56:50.451+0000][1.423s] GC(0) Old regions: 2->2
[2022-12-12T21:56:50.452+0000][1.423s] GC(0) Humongous regions: 0->0
[2022-12-12T21:56:50.452+0000][1.423s] GC(0) Metaspace: 8132K->8132K(1056768K)
[2022-12-12T21:56:50.453+0000][1.424s] GC(0) Pause Young (Normal) (G1 Evacuation Pause) 27M->3M(512M) 759.722ms
[2022-12-12T21:56:50.453+0000][1.425s] GC(0) User=0.04s Sys=0.00s Real=0.76s
[2022-12-12T21:56:51.286+0000][2.258s] GC(1) Pause Young (Concurrent Start) (Metadata GC Threshold)
[2022-12-12T21:56:51.287+0000][2.258s] GC(1) Using 6 workers of 6 for evacuation
[2022-12-12T21:56:51.297+0000][2.268s] GC(1)   Pre Evacuate Collection Set: 0.0ms
[2022-12-12T21:56:51.297+0000][2.269s] GC(1)   Evacuate Collection Set: 8.6ms
[2022-12-12T21:56:51.297+0000][2.269s] GC(1)   Post Evacuate Collection Set: 1.1ms
[2022-12-12T21:56:51.298+0000][2.269s] GC(1)   Other: 1.0ms
[2022-12-12T21:56:51.298+0000][2.270s] GC(1) Eden regions: 88->0(76)
[2022-12-12T21:56:51.298+0000][2.270s] GC(1) Survivor regions: 4->19(39)
[2022-12-12T21:56:51.299+0000][2.270s] GC(1) Old regions: 2->2
[2022-12-12T21:56:51.299+0000][2.270s] GC(1) Humongous regions: 4->4
[2022-12-12T21:56:51.299+0000][2.271s] GC(1) Metaspace: 20493K->20493K(1067008K)
[2022-12-12T21:56:51.299+0000][2.271s] GC(1) Pause Young (Concurrent Start) (Metadata GC Threshold) 95M->23M(512M) 13.348ms
[2022-12-12T21:56:51.300+0000][2.271s] GC(1) User=0.04s Sys=0.01s Real=0.02s
[2022-12-12T21:56:51.300+0000][2.271s] GC(2) Concurrent Cycle
[2022-12-12T21:56:51.300+0000][2.272s] GC(2) Concurrent Clear Claimed Marks
[2022-12-12T21:56:51.300+0000][2.272s] GC(2) Concurrent Clear Claimed Marks 0.281ms
[2022-12-12T21:56:51.301+0000][2.272s] GC(2) Concurrent Scan Root Regions
[2022-12-12T21:56:51.304+0000][2.276s] GC(2) Concurrent Scan Root Regions 3.807ms
[2022-12-12T21:56:51.305+0000][2.276s] GC(2) Concurrent Mark (2.276s)
[2022-12-12T21:56:51.305+0000][2.277s] GC(2) Concurrent Mark From Roots
[2022-12-12T21:56:51.305+0000][2.277s] GC(2) Using 2 workers of 2 for marking
[2022-12-12T21:56:51.312+0000][2.283s] GC(2) Concurrent Mark From Roots 6.534ms
[2022-12-12T21:56:51.312+0000][2.283s] GC(2) Concurrent Preclean
[2022-12-12T21:56:51.312+0000][2.284s] GC(2) Concurrent Preclean 0.326ms
[2022-12-12T21:56:51.312+0000][2.284s] GC(2) Concurrent Mark (2.276s, 2.284s) 7.619ms
[2022-12-12T21:56:51.315+0000][2.286s] GC(2) Pause Remark
[2022-12-12T21:56:51.318+0000][2.289s] GC(2) Cleaned string and symbol table, strings: 8922 processed, 0 removed, symbols: 60712 processed, 39 removed
[2022-12-12T21:56:51.319+0000][2.290s] GC(2) Pause Remark 24M->24M(512M) 3.786ms
[2022-12-12T21:56:51.319+0000][2.290s] GC(2) User=0.02s Sys=0.00s Real=0.01s
[2022-12-12T21:56:51.319+0000][2.291s] GC(2) Concurrent Rebuild Remembered Sets
[2022-12-12T21:56:51.321+0000][2.292s] GC(2) Concurrent Rebuild Remembered Sets 1.383ms
[2022-12-12T21:56:51.321+0000][2.293s] GC(2) Pause Cleanup
[2022-12-12T21:56:51.322+0000][2.293s] GC(2) Pause Cleanup 24M->24M(512M) 0.571ms
[2022-12-12T21:56:51.322+0000][2.294s] GC(2) User=0.00s Sys=0.00s Real=0.00s
[2022-12-12T21:56:51.323+0000][2.294s] GC(2) Concurrent Cleanup for Next Mark
[2022-12-12T21:56:51.324+0000][2.295s] GC(2) Concurrent Cleanup for Next Mark 1.244ms
[2022-12-12T21:56:51.324+0000][2.296s] GC(2) Concurrent Cycle 24.550ms
[2022-12-12T21:56:51.923+0000][2.894s] GC(3) Pause Young (Normal) (G1 Evacuation Pause)
[2022-12-12T21:56:51.923+0000][2.895s] GC(3) Using 6 workers of 6 for evacuation
[2022-12-12T21:56:51.951+0000][2.922s] GC(3)   Pre Evacuate Collection Set: 0.0ms
[2022-12-12T21:56:51.951+0000][2.923s] GC(3)   Evacuate Collection Set: 26.1ms
[2022-12-12T21:56:51.951+0000][2.923s] GC(3)   Post Evacuate Collection Set: 1.3ms
[2022-12-12T21:56:51.951+0000][2.923s] GC(3)   Other: 0.5ms
[2022-12-12T21:56:51.952+0000][2.923s] GC(3) Eden regions: 64->0(103)
[2022-12-12T21:56:51.952+0000][2.923s] GC(3) Survivor regions: 19->5(11)
[2022-12-12T21:56:51.952+0000][2.924s] GC(3) Old regions: 2->21
[2022-12-12T21:56:51.952+0000][2.924s] GC(3) Humongous regions: 4->4
[2022-12-12T21:56:51.952+0000][2.924s] GC(3) Metaspace: 27544K->27544K(1075200K)
[2022-12-12T21:56:51.953+0000][2.924s] GC(3) Pause Young (Normal) (G1 Evacuation Pause) 87M->27M(512M) 29.607ms
[2022-12-12T21:56:51.953+0000][2.924s] GC(3) User=0.15s Sys=0.00s Real=0.03s
[2022-12-12T21:56:52.457+0000][3.428s] GC(4) Pause Young (Concurrent Start) (Metadata GC Threshold)
[2022-12-12T21:56:52.457+0000][3.428s] GC(4) Using 6 workers of 6 for evacuation
[2022-12-12T21:56:52.465+0000][3.436s] GC(4)   Pre Evacuate Collection Set: 0.1ms
[2022-12-12T21:56:52.465+0000][3.436s] GC(4)   Evacuate Collection Set: 5.0ms
[2022-12-12T21:56:52.465+0000][3.436s] GC(4)   Post Evacuate Collection Set: 2.2ms
[2022-12-12T21:56:52.465+0000][3.437s] GC(4)   Other: 0.6ms
[2022-12-12T21:56:52.465+0000][3.437s] GC(4) Eden regions: 68->0(151)
[2022-12-12T21:56:52.465+0000][3.437s] GC(4) Survivor regions: 5->6(14)
[2022-12-12T21:56:52.466+0000][3.437s] GC(4) Old regions: 21->21
[2022-12-12T21:56:52.466+0000][3.437s] GC(4) Humongous regions: 4->4
[2022-12-12T21:56:52.466+0000][3.438s] GC(4) Metaspace: 34543K->34543K(1081344K)
[2022-12-12T21:56:52.466+0000][3.438s] GC(4) Pause Young (Concurrent Start) (Metadata GC Threshold) 95M->28M(512M) 9.592ms
[2022-12-12T21:56:52.466+0000][3.438s] GC(4) User=0.03s Sys=0.01s Real=0.01s
[2022-12-12T21:56:52.467+0000][3.438s] GC(5) Concurrent Cycle
[2022-12-12T21:56:52.467+0000][3.438s] GC(5) Concurrent Clear Claimed Marks
[2022-12-12T21:56:52.467+0000][3.439s] GC(5) Concurrent Clear Claimed Marks 0.604ms
[2022-12-12T21:56:52.468+0000][3.440s] GC(5) Concurrent Scan Root Regions
[2022-12-12T21:56:52.470+0000][3.442s] GC(5) Concurrent Scan Root Regions 2.124ms
[2022-12-12T21:56:52.471+0000][3.442s] GC(5) Concurrent Mark (3.442s)
[2022-12-12T21:56:52.471+0000][3.442s] GC(5) Concurrent Mark From Roots
[2022-12-12T21:56:52.471+0000][3.443s] GC(5) Using 2 workers of 2 for marking
[2022-12-12T21:56:52.487+0000][3.458s] GC(5) Concurrent Mark From Roots 15.544ms
[2022-12-12T21:56:52.487+0000][3.459s] GC(5) Concurrent Preclean
[2022-12-12T21:56:52.488+0000][3.459s] GC(5) Concurrent Preclean 0.373ms
[2022-12-12T21:56:52.488+0000][3.460s] GC(5) Concurrent Mark (3.442s, 3.460s) 17.492ms
[2022-12-12T21:56:52.489+0000][3.460s] GC(5) Pause Remark
[2022-12-12T21:56:52.498+0000][3.470s] GC(5) Cleaned string and symbol table, strings: 15631 processed, 27 removed, symbols: 101571 processed, 120 removed
[2022-12-12T21:56:52.499+0000][3.470s] GC(5) Pause Remark 29M->29M(512M) 9.953ms
[2022-12-12T21:56:52.499+0000][3.471s] GC(5) User=0.05s Sys=0.01s Real=0.01s
[2022-12-12T21:56:52.499+0000][3.471s] GC(5) Concurrent Rebuild Remembered Sets
[2022-12-12T21:56:52.510+0000][3.482s] GC(5) Concurrent Rebuild Remembered Sets 10.938ms
[2022-12-12T21:56:52.511+0000][3.482s] GC(5) Pause Cleanup
[2022-12-12T21:56:52.511+0000][3.483s] GC(5) Pause Cleanup 29M->29M(512M) 0.364ms
[2022-12-12T21:56:52.511+0000][3.483s] GC(5) User=0.00s Sys=0.00s Real=0.00s
[2022-12-12T21:56:52.512+0000][3.483s] GC(5) Concurrent Cleanup for Next Mark
[2022-12-12T21:56:52.512+0000][3.484s] GC(5) Concurrent Cleanup for Next Mark 0.570ms
[2022-12-12T21:56:52.513+0000][3.484s] GC(5) Concurrent Cycle 46.082ms
[2022-12-12T21:56:53.982+0000][4.954s] GC(6) Pause Young (Normal) (G1 Evacuation Pause)
[2022-12-12T21:56:53.982+0000][4.954s] GC(6) Using 6 workers of 6 for evacuation
[2022-12-12T21:56:53.993+0000][4.964s] GC(6)   Pre Evacuate Collection Set: 0.0ms
[2022-12-12T21:56:53.993+0000][4.964s] GC(6)   Evacuate Collection Set: 6.4ms
[2022-12-12T21:56:53.993+0000][4.965s] GC(6)   Post Evacuate Collection Set: 3.4ms
[2022-12-12T21:56:53.993+0000][4.965s] GC(6)   Other: 0.7ms
[2022-12-12T21:56:53.993+0000][4.965s] GC(6) Eden regions: 159->0(218)
[2022-12-12T21:56:53.993+0000][4.965s] GC(6) Survivor regions: 6->14(21)
[2022-12-12T21:56:53.994+0000][4.965s] GC(6) Old regions: 21->21
[2022-12-12T21:56:53.994+0000][4.965s] GC(6) Humongous regions: 4->4
[2022-12-12T21:56:53.994+0000][4.965s] GC(6) Metaspace: 45184K->45184K(1089536K)
[2022-12-12T21:56:53.994+0000][4.965s] GC(6) Pause Young (Normal) (G1 Evacuation Pause) 187M->36M(512M) 11.992ms
[2022-12-12T21:56:53.994+0000][4.966s] GC(6) User=0.05s Sys=0.00s Real=0.01s
[2022-12-12T22:32:16.557+0000][2127.529s] GC(7) Pause Young (Normal) (G1 Evacuation Pause)
[2022-12-12T22:32:16.558+0000][2127.529s] GC(7) Using 6 workers of 6 for evacuation
[2022-12-12T22:32:16.566+0000][2127.537s] GC(7)   Pre Evacuate Collection Set: 0.0ms
[2022-12-12T22:32:16.566+0000][2127.537s] GC(7)   Evacuate Collection Set: 6.3ms
[2022-12-12T22:32:16.566+0000][2127.538s] GC(7)   Post Evacuate Collection Set: 0.8ms
[2022-12-12T22:32:16.567+0000][2127.538s] GC(7)   Other: 1.2ms
[2022-12-12T22:32:16.567+0000][2127.538s] GC(7) Eden regions: 218->0(291)
[2022-12-12T22:32:16.567+0000][2127.539s] GC(7) Survivor regions: 14->16(29)
[2022-12-12T22:32:16.567+0000][2127.539s] GC(7) Old regions: 21->21
[2022-12-12T22:32:16.568+0000][2127.539s] GC(7) Humongous regions: 7->7
[2022-12-12T22:32:16.568+0000][2127.540s] GC(7) Metaspace: 51213K->51213K(1095680K)
[2022-12-12T22:32:16.568+0000][2127.540s] GC(7) Pause Young (Normal) (G1 Evacuation Pause) 257M->41M(512M) 11.236ms
[2022-12-12T22:32:16.569+0000][2127.540s] GC(7) User=0.02s Sys=0.01s Real=0.02s
[2022-12-12T22:37:39.841+0000][2450.812s] Heap
[2022-12-12T22:37:39.841+0000][2450.812s]  garbage-first heap   total 524288K, used 56756K [0x00000000e0000000, 0x0000000100000000)
[2022-12-12T22:37:39.841+0000][2450.813s]   region size 1024K, 31 young (31744K), 16 survivors (16384K)
[2022-12-12T22:37:39.841+0000][2450.813s]  Metaspace       used 51538K, capacity 52827K, committed 53120K, reserved 1095680K
[2022-12-12T22:37:39.842+0000][2450.813s]   class space    used 6221K, capacity 6737K, committed 6784K, reserved 1048576K
