[2022-12-12T20:59:37.875+0000][0.761s] Heap region size: 1M
[2022-12-12T20:59:37.962+0000][0.848s] Using G1
[2022-12-12T20:59:37.962+0000][0.848s] Heap address: 0x00000000e0000000, size: 512 MB, Compressed Oops mode: 32-bit
[2022-12-12T20:59:37.962+0000][0.849s] Mark closed archive regions in map: [0x00000000ffe00000, 0x00000000ffe65ff8]
[2022-12-12T20:59:37.963+0000][0.849s] Mark open archive regions in map: [0x00000000ffc00000, 0x00000000ffc42ff8]
[2022-12-12T20:59:38.449+0000][1.335s] GC(0) Pause Young (Normal) (G1 Evacuation Pause)
[2022-12-12T20:59:38.450+0000][1.337s] GC(0) Using 6 workers of 6 for evacuation
[2022-12-12T20:59:38.475+0000][1.362s] GC(0)   Pre Evacuate Collection Set: 0.0ms
[2022-12-12T20:59:38.476+0000][1.362s] GC(0)   Evacuate Collection Set: 6.2ms
[2022-12-12T20:59:38.476+0000][1.362s] GC(0)   Post Evacuate Collection Set: 0.9ms
[2022-12-12T20:59:38.476+0000][1.363s] GC(0)   Other: 19.2ms
[2022-12-12T20:59:38.476+0000][1.363s] GC(0) Eden regions: 27->0(303)
[2022-12-12T20:59:38.477+0000][1.363s] GC(0) Survivor regions: 0->4(4)
[2022-12-12T20:59:38.477+0000][1.363s] GC(0) Old regions: 2->2
[2022-12-12T20:59:38.477+0000][1.363s] GC(0) Humongous regions: 0->0
[2022-12-12T20:59:38.477+0000][1.364s] GC(0) Metaspace: 8152K->8152K(1056768K)
[2022-12-12T20:59:38.477+0000][1.364s] GC(0) Pause Young (Normal) (G1 Evacuation Pause) 27M->3M(512M) 28.470ms
[2022-12-12T20:59:38.478+0000][1.364s] GC(0) User=0.03s Sys=0.00s Real=0.03s
[2022-12-12T20:59:39.254+0000][2.140s] GC(1) Pause Young (Concurrent Start) (Metadata GC Threshold)
[2022-12-12T20:59:39.254+0000][2.141s] GC(1) Using 6 workers of 6 for evacuation
[2022-12-12T20:59:39.264+0000][2.150s] GC(1)   Pre Evacuate Collection Set: 0.0ms
[2022-12-12T20:59:39.264+0000][2.151s] GC(1)   Evacuate Collection Set: 8.0ms
[2022-12-12T20:59:39.264+0000][2.151s] GC(1)   Post Evacuate Collection Set: 1.2ms
[2022-12-12T20:59:39.265+0000][2.151s] GC(1)   Other: 0.7ms
[2022-12-12T20:59:39.265+0000][2.151s] GC(1) Eden regions: 88->0(77)
[2022-12-12T20:59:39.265+0000][2.152s] GC(1) Survivor regions: 4->20(39)
[2022-12-12T20:59:39.265+0000][2.152s] GC(1) Old regions: 2->2
[2022-12-12T20:59:39.266+0000][2.152s] GC(1) Humongous regions: 4->4
[2022-12-12T20:59:39.266+0000][2.152s] GC(1) Metaspace: 20393K->20393K(1069056K)
[2022-12-12T20:59:39.266+0000][2.153s] GC(1) Pause Young (Concurrent Start) (Metadata GC Threshold) 95M->24M(512M) 12.269ms
[2022-12-12T20:59:39.266+0000][2.153s] GC(1) User=0.04s Sys=0.00s Real=0.02s
[2022-12-12T20:59:39.267+0000][2.153s] GC(2) Concurrent Cycle
[2022-12-12T20:59:39.267+0000][2.153s] GC(2) Concurrent Clear Claimed Marks
[2022-12-12T20:59:39.267+0000][2.154s] GC(2) Concurrent Clear Claimed Marks 0.280ms
[2022-12-12T20:59:39.268+0000][2.154s] GC(2) Concurrent Scan Root Regions
[2022-12-12T20:59:39.271+0000][2.157s] GC(2) Concurrent Scan Root Regions 3.087ms
[2022-12-12T20:59:39.271+0000][2.158s] GC(2) Concurrent Mark (2.158s)
[2022-12-12T20:59:39.271+0000][2.158s] GC(2) Concurrent Mark From Roots
[2022-12-12T20:59:39.272+0000][2.158s] GC(2) Using 2 workers of 2 for marking
[2022-12-12T20:59:39.273+0000][2.159s] GC(2) Concurrent Mark From Roots 1.492ms
[2022-12-12T20:59:39.273+0000][2.160s] GC(2) Concurrent Preclean
[2022-12-12T20:59:39.273+0000][2.160s] GC(2) Concurrent Preclean 0.361ms
[2022-12-12T20:59:39.274+0000][2.160s] GC(2) Concurrent Mark (2.158s, 2.160s) 2.462ms
[2022-12-12T20:59:39.278+0000][2.165s] GC(2) Pause Remark
[2022-12-12T20:59:39.280+0000][2.167s] GC(2) Cleaned string and symbol table, strings: 8920 processed, 0 removed, symbols: 60712 processed, 39 removed
[2022-12-12T20:59:39.281+0000][2.167s] GC(2) Pause Remark 25M->25M(512M) 2.835ms
[2022-12-12T20:59:39.281+0000][2.168s] GC(2) User=0.01s Sys=0.00s Real=0.00s
[2022-12-12T20:59:39.282+0000][2.168s] GC(2) Concurrent Rebuild Remembered Sets
[2022-12-12T20:59:39.284+0000][2.170s] GC(2) Concurrent Rebuild Remembered Sets 2.202ms
[2022-12-12T20:59:39.285+0000][2.171s] GC(2) Pause Cleanup
[2022-12-12T20:59:39.285+0000][2.172s] GC(2) Pause Cleanup 25M->25M(512M) 0.598ms
[2022-12-12T20:59:39.286+0000][2.172s] GC(2) User=0.00s Sys=0.00s Real=0.00s
[2022-12-12T20:59:39.286+0000][2.173s] GC(2) Concurrent Cleanup for Next Mark
[2022-12-12T20:59:39.287+0000][2.173s] GC(2) Concurrent Cleanup for Next Mark 0.655ms
[2022-12-12T20:59:39.287+0000][2.174s] GC(2) Concurrent Cycle 20.632ms
[2022-12-12T20:59:39.968+0000][2.854s] GC(3) Pause Young (Normal) (G1 Evacuation Pause)
[2022-12-12T20:59:39.968+0000][2.855s] GC(3) Using 6 workers of 6 for evacuation
[2022-12-12T20:59:39.997+0000][2.883s] GC(3)   Pre Evacuate Collection Set: 0.0ms
[2022-12-12T20:59:39.997+0000][2.883s] GC(3)   Evacuate Collection Set: 26.5ms
[2022-12-12T20:59:39.997+0000][2.883s] GC(3)   Post Evacuate Collection Set: 1.7ms
[2022-12-12T20:59:39.997+0000][2.884s] GC(3)   Other: 0.5ms
[2022-12-12T20:59:39.997+0000][2.884s] GC(3) Eden regions: 67->0(129)
[2022-12-12T20:59:39.997+0000][2.884s] GC(3) Survivor regions: 20->5(11)
[2022-12-12T20:59:39.998+0000][2.884s] GC(3) Old regions: 2->21
[2022-12-12T20:59:39.998+0000][2.884s] GC(3) Humongous regions: 4->4
[2022-12-12T20:59:39.998+0000][2.884s] GC(3) Metaspace: 29028K->29028K(1075200K)
[2022-12-12T20:59:39.998+0000][2.885s] GC(3) Pause Young (Normal) (G1 Evacuation Pause) 91M->27M(512M) 30.207ms
[2022-12-12T20:59:39.998+0000][2.885s] GC(3) User=0.14s Sys=0.01s Real=0.03s
[2022-12-12T20:59:40.425+0000][3.311s] GC(4) Pause Young (Concurrent Start) (Metadata GC Threshold)
[2022-12-12T20:59:40.425+0000][3.311s] GC(4) Using 6 workers of 6 for evacuation
[2022-12-12T20:59:40.432+0000][3.318s] GC(4)   Pre Evacuate Collection Set: 0.1ms
[2022-12-12T20:59:40.432+0000][3.318s] GC(4)   Evacuate Collection Set: 4.7ms
[2022-12-12T20:59:40.432+0000][3.319s] GC(4)   Post Evacuate Collection Set: 1.4ms
[2022-12-12T20:59:40.432+0000][3.319s] GC(4)   Other: 0.6ms
[2022-12-12T20:59:40.433+0000][3.319s] GC(4) Eden regions: 56->0(174)
[2022-12-12T20:59:40.433+0000][3.319s] GC(4) Survivor regions: 5->6(17)
[2022-12-12T20:59:40.433+0000][3.319s] GC(4) Old regions: 21->21
[2022-12-12T20:59:40.433+0000][3.319s] GC(4) Humongous regions: 4->4
[2022-12-12T20:59:40.433+0000][3.320s] GC(4) Metaspace: 34794K->34794K(1081344K)
[2022-12-12T20:59:40.433+0000][3.320s] GC(4) Pause Young (Concurrent Start) (Metadata GC Threshold) 83M->28M(512M) 8.687ms
[2022-12-12T20:59:40.434+0000][3.320s] GC(4) User=0.02s Sys=0.00s Real=0.00s
[2022-12-12T20:59:40.434+0000][3.320s] GC(5) Concurrent Cycle
[2022-12-12T20:59:40.434+0000][3.321s] GC(5) Concurrent Clear Claimed Marks
[2022-12-12T20:59:40.435+0000][3.321s] GC(5) Concurrent Clear Claimed Marks 0.295ms
[2022-12-12T20:59:40.435+0000][3.322s] GC(5) Concurrent Scan Root Regions
[2022-12-12T20:59:40.437+0000][3.323s] GC(5) Concurrent Scan Root Regions 1.891ms
[2022-12-12T20:59:40.437+0000][3.324s] GC(5) Concurrent Mark (3.324s)
[2022-12-12T20:59:40.438+0000][3.324s] GC(5) Concurrent Mark From Roots
[2022-12-12T20:59:40.438+0000][3.324s] GC(5) Using 2 workers of 2 for marking
[2022-12-12T20:59:40.466+0000][3.352s] GC(5) Concurrent Mark From Roots 27.924ms
[2022-12-12T20:59:40.466+0000][3.352s] GC(5) Concurrent Preclean
[2022-12-12T20:59:40.466+0000][3.353s] GC(5) Concurrent Preclean 0.530ms
[2022-12-12T20:59:40.467+0000][3.353s] GC(5) Concurrent Mark (3.324s, 3.353s) 29.360ms
[2022-12-12T20:59:40.467+0000][3.354s] GC(5) Pause Remark
[2022-12-12T20:59:40.476+0000][3.362s] GC(5) Cleaned string and symbol table, strings: 15745 processed, 27 removed, symbols: 103039 processed, 122 removed
[2022-12-12T20:59:40.476+0000][3.363s] GC(5) Pause Remark 34M->34M(512M) 9.205ms
[2022-12-12T20:59:40.477+0000][3.363s] GC(5) User=0.04s Sys=0.00s Real=0.01s
[2022-12-12T20:59:40.477+0000][3.363s] GC(5) Concurrent Rebuild Remembered Sets
[2022-12-12T20:59:40.484+0000][3.370s] GC(5) Concurrent Rebuild Remembered Sets 7.135ms
[2022-12-12T20:59:40.485+0000][3.371s] GC(5) Pause Cleanup
[2022-12-12T20:59:40.485+0000][3.372s] GC(5) Pause Cleanup 34M->34M(512M) 0.391ms
[2022-12-12T20:59:40.485+0000][3.372s] GC(5) User=0.00s Sys=0.00s Real=0.00s
[2022-12-12T20:59:40.486+0000][3.372s] GC(5) Concurrent Cleanup for Next Mark
[2022-12-12T20:59:40.487+0000][3.374s] GC(5) Concurrent Cleanup for Next Mark 1.313ms
[2022-12-12T20:59:40.488+0000][3.374s] GC(5) Concurrent Cycle 53.583ms
[2022-12-12T20:59:44.844+0000][7.730s] GC(6) Pause Young (Concurrent Start) (G1 Evacuation Pause)
[2022-12-12T20:59:44.844+0000][7.731s] GC(6) Using 6 workers of 6 for evacuation
[2022-12-12T20:59:44.855+0000][7.742s] GC(6)   Pre Evacuate Collection Set: 0.1ms
[2022-12-12T20:59:44.856+0000][7.742s] GC(6)   Evacuate Collection Set: 9.7ms
[2022-12-12T20:59:44.856+0000][7.743s] GC(6)   Post Evacuate Collection Set: 1.0ms
[2022-12-12T20:59:44.857+0000][7.743s] GC(6)   Other: 0.9ms
[2022-12-12T20:59:44.857+0000][7.743s] GC(6) Eden regions: 184->0(220)
[2022-12-12T20:59:44.857+0000][7.744s] GC(6) Survivor regions: 6->14(24)
[2022-12-12T20:59:44.857+0000][7.744s] GC(6) Old regions: 21->21
[2022-12-12T20:59:44.858+0000][7.744s] GC(6) Humongous regions: 4->4
[2022-12-12T20:59:44.858+0000][7.745s] GC(6) Metaspace: 47809K->47809K(1091584K)
[2022-12-12T20:59:44.858+0000][7.745s] GC(6) Pause Young (Concurrent Start) (G1 Evacuation Pause) 212M->37M(512M) 14.664ms
[2022-12-12T20:59:44.859+0000][7.745s] GC(6) User=0.05s Sys=0.00s Real=0.02s
[2022-12-12T20:59:44.859+0000][7.746s] GC(7) Concurrent Cycle
[2022-12-12T20:59:44.859+0000][7.746s] GC(7) Concurrent Clear Claimed Marks
[2022-12-12T20:59:44.860+0000][7.746s] GC(7) Concurrent Clear Claimed Marks 0.388ms
[2022-12-12T20:59:44.860+0000][7.747s] GC(7) Concurrent Scan Root Regions
[2022-12-12T20:59:44.863+0000][7.750s] GC(7) Concurrent Scan Root Regions 3.287ms
[2022-12-12T20:59:44.864+0000][7.750s] GC(7) Concurrent Mark (7.750s)
[2022-12-12T20:59:44.864+0000][7.751s] GC(7) Concurrent Mark From Roots
[2022-12-12T20:59:44.864+0000][7.751s] GC(7) Using 2 workers of 2 for marking
[2022-12-12T20:59:44.878+0000][7.764s] GC(7) Concurrent Mark From Roots 13.503ms
[2022-12-12T20:59:44.878+0000][7.764s] GC(7) Concurrent Preclean
[2022-12-12T20:59:44.878+0000][7.765s] GC(7) Concurrent Preclean 0.416ms
[2022-12-12T20:59:44.879+0000][7.765s] GC(7) Concurrent Mark (7.750s, 7.765s) 14.993ms
[2022-12-12T20:59:44.879+0000][7.766s] GC(7) Pause Remark
[2022-12-12T20:59:44.885+0000][7.772s] GC(7) Cleaned string and symbol table, strings: 21095 processed, 0 removed, symbols: 133432 processed, 549 removed
[2022-12-12T20:59:44.886+0000][7.772s] GC(7) Pause Remark 40M->40M(512M) 6.552ms
[2022-12-12T20:59:44.886+0000][7.773s] GC(7) User=0.03s Sys=0.00s Real=0.01s
[2022-12-12T20:59:44.887+0000][7.773s] GC(7) Concurrent Rebuild Remembered Sets
[2022-12-12T20:59:44.893+0000][7.779s] GC(7) Concurrent Rebuild Remembered Sets 6.040ms
[2022-12-12T20:59:44.894+0000][7.780s] GC(7) Pause Cleanup
[2022-12-12T20:59:44.894+0000][7.780s] GC(7) Pause Cleanup 41M->41M(512M) 0.518ms
[2022-12-12T20:59:44.894+0000][7.781s] GC(7) User=0.01s Sys=0.00s Real=0.01s
[2022-12-12T20:59:44.895+0000][7.781s] GC(7) Concurrent Cleanup for Next Mark
[2022-12-12T20:59:44.896+0000][7.782s] GC(7) Concurrent Cleanup for Next Mark 0.783ms
[2022-12-12T20:59:44.896+0000][7.782s] GC(7) Concurrent Cycle 36.911ms
[2022-12-12T21:01:58.656+0000][141.543s] GC(8) Pause Young (Normal) (G1 Evacuation Pause)
[2022-12-12T21:01:58.657+0000][141.543s] GC(8) Using 6 workers of 6 for evacuation
[2022-12-12T21:01:58.667+0000][141.554s] GC(8)   Pre Evacuate Collection Set: 0.0ms
[2022-12-12T21:01:58.668+0000][141.554s] GC(8)   Evacuate Collection Set: 9.4ms
[2022-12-12T21:01:58.668+0000][141.554s] GC(8)   Post Evacuate Collection Set: 1.0ms
[2022-12-12T21:01:58.668+0000][141.554s] GC(8)   Other: 0.5ms
[2022-12-12T21:01:58.668+0000][141.555s] GC(8) Eden regions: 226->0(282)
[2022-12-12T21:01:58.668+0000][141.555s] GC(8) Survivor regions: 14->15(30)
[2022-12-12T21:01:58.668+0000][141.555s] GC(8) Old regions: 21->21
[2022-12-12T21:01:58.669+0000][141.555s] GC(8) Humongous regions: 7->7
[2022-12-12T21:01:58.669+0000][141.555s] GC(8) Metaspace: 52670K->52670K(1097728K)
[2022-12-12T21:01:58.669+0000][141.556s] GC(8) Pause Young (Normal) (G1 Evacuation Pause) 266M->41M(512M) 12.885ms
[2022-12-12T21:01:58.669+0000][141.556s] GC(8) User=0.04s Sys=0.00s Real=0.01s
[2022-12-12T21:38:56.979+0000][2359.866s] GC(9) Pause Young (Normal) (G1 Evacuation Pause)
[2022-12-12T21:38:56.979+0000][2359.866s] GC(9) Using 6 workers of 6 for evacuation
[2022-12-12T21:38:56.990+0000][2359.876s] GC(9)   Pre Evacuate Collection Set: 0.0ms
[2022-12-12T21:38:56.990+0000][2359.876s] GC(9)   Evacuate Collection Set: 5.4ms
[2022-12-12T21:38:56.990+0000][2359.877s] GC(9)   Post Evacuate Collection Set: 4.4ms
[2022-12-12T21:38:56.991+0000][2359.877s] GC(9)   Other: 0.8ms
[2022-12-12T21:38:56.991+0000][2359.877s] GC(9) Eden regions: 282->0(290)
[2022-12-12T21:38:56.991+0000][2359.878s] GC(9) Survivor regions: 15->17(38)
[2022-12-12T21:38:56.992+0000][2359.878s] GC(9) Old regions: 21->21
[2022-12-12T21:38:56.992+0000][2359.878s] GC(9) Humongous regions: 7->7
[2022-12-12T21:38:56.992+0000][2359.879s] GC(9) Metaspace: 53818K->53818K(1097728K)
[2022-12-12T21:38:56.992+0000][2359.879s] GC(9) Pause Young (Normal) (G1 Evacuation Pause) 323M->42M(512M) 13.291ms
[2022-12-12T21:38:56.993+0000][2359.879s] GC(9) User=0.04s Sys=0.01s Real=0.01s
[2022-12-12T21:42:04.653+0000][2547.540s] Heap
[2022-12-12T21:42:04.654+0000][2547.540s]  garbage-first heap   total 524288K, used 226880K [0x00000000e0000000, 0x0000000100000000)
[2022-12-12T21:42:04.654+0000][2547.540s]   region size 1024K, 198 young (202752K), 17 survivors (17408K)
[2022-12-12T21:42:04.654+0000][2547.540s]  Metaspace       used 54299K, capacity 55636K, committed 55836K, reserved 1097728K
[2022-12-12T21:42:04.654+0000][2547.541s]   class space    used 6433K, capacity 6984K, committed 7040K, reserved 1048576K
