[2022-12-12T21:44:56.579+0000][0.030s] Heap region size: 1M
[2022-12-12T21:44:56.672+0000][0.123s] Using G1
[2022-12-12T21:44:56.673+0000][0.123s] Heap address: 0x00000000e0000000, size: 512 MB, Compressed Oops mode: 32-bit
[2022-12-12T21:44:56.674+0000][0.124s] Mark closed archive regions in map: [0x00000000ffe00000, 0x00000000ffe65ff8]
[2022-12-12T21:44:56.674+0000][0.124s] Mark open archive regions in map: [0x00000000ffc00000, 0x00000000ffc42ff8]
[2022-12-12T21:44:57.629+0000][1.079s] GC(0) Pause Young (Normal) (G1 Evacuation Pause)
[2022-12-12T21:44:57.630+0000][1.081s] GC(0) Using 6 workers of 6 for evacuation
[2022-12-12T21:44:57.640+0000][1.090s] GC(0)   Pre Evacuate Collection Set: 0.0ms
[2022-12-12T21:44:57.640+0000][1.090s] GC(0)   Evacuate Collection Set: 5.4ms
[2022-12-12T21:44:57.640+0000][1.091s] GC(0)   Post Evacuate Collection Set: 3.5ms
[2022-12-12T21:44:57.640+0000][1.091s] GC(0)   Other: 1.9ms
[2022-12-12T21:44:57.640+0000][1.091s] GC(0) Eden regions: 27->0(303)
[2022-12-12T21:44:57.641+0000][1.091s] GC(0) Survivor regions: 0->4(4)
[2022-12-12T21:44:57.641+0000][1.091s] GC(0) Old regions: 2->2
[2022-12-12T21:44:57.641+0000][1.092s] GC(0) Humongous regions: 0->0
[2022-12-12T21:44:57.641+0000][1.092s] GC(0) Metaspace: 8173K->8173K(1056768K)
[2022-12-12T21:44:57.642+0000][1.092s] GC(0) Pause Young (Normal) (G1 Evacuation Pause) 27M->4M(512M) 12.647ms
[2022-12-12T21:44:57.642+0000][1.092s] GC(0) User=0.04s Sys=0.00s Real=0.01s
[2022-12-12T21:44:59.127+0000][2.578s] GC(1) Pause Young (Concurrent Start) (Metadata GC Threshold)
[2022-12-12T21:44:59.127+0000][2.578s] GC(1) Using 6 workers of 6 for evacuation
[2022-12-12T21:44:59.137+0000][2.587s] GC(1)   Pre Evacuate Collection Set: 0.0ms
[2022-12-12T21:44:59.137+0000][2.588s] GC(1)   Evacuate Collection Set: 7.9ms
[2022-12-12T21:44:59.138+0000][2.588s] GC(1)   Post Evacuate Collection Set: 1.0ms
[2022-12-12T21:44:59.138+0000][2.588s] GC(1)   Other: 0.7ms
[2022-12-12T21:44:59.138+0000][2.589s] GC(1) Eden regions: 87->0(75)
[2022-12-12T21:44:59.138+0000][2.589s] GC(1) Survivor regions: 4->19(39)
[2022-12-12T21:44:59.139+0000][2.589s] GC(1) Old regions: 2->2
[2022-12-12T21:44:59.139+0000][2.589s] GC(1) Humongous regions: 4->4
[2022-12-12T21:44:59.139+0000][2.590s] GC(1) Metaspace: 20399K->20399K(1069056K)
[2022-12-12T21:44:59.139+0000][2.590s] GC(1) Pause Young (Concurrent Start) (Metadata GC Threshold) 95M->23M(512M) 12.358ms
[2022-12-12T21:44:59.140+0000][2.590s] GC(1) User=0.03s Sys=0.00s Real=0.02s
[2022-12-12T21:44:59.140+0000][2.591s] GC(2) Concurrent Cycle
[2022-12-12T21:44:59.140+0000][2.591s] GC(2) Concurrent Clear Claimed Marks
[2022-12-12T21:44:59.140+0000][2.591s] GC(2) Concurrent Clear Claimed Marks 0.265ms
[2022-12-12T21:44:59.141+0000][2.591s] GC(2) Concurrent Scan Root Regions
[2022-12-12T21:44:59.144+0000][2.594s] GC(2) Concurrent Scan Root Regions 3.160ms
[2022-12-12T21:44:59.144+0000][2.595s] GC(2) Concurrent Mark (2.595s)
[2022-12-12T21:44:59.144+0000][2.595s] GC(2) Concurrent Mark From Roots
[2022-12-12T21:44:59.145+0000][2.595s] GC(2) Using 2 workers of 2 for marking
[2022-12-12T21:44:59.148+0000][2.598s] GC(2) Concurrent Mark From Roots 3.544ms
[2022-12-12T21:44:59.148+0000][2.599s] GC(2) Concurrent Preclean
[2022-12-12T21:44:59.149+0000][2.599s] GC(2) Concurrent Preclean 0.337ms
[2022-12-12T21:44:59.149+0000][2.599s] GC(2) Concurrent Mark (2.595s, 2.599s) 4.800ms
[2022-12-12T21:44:59.151+0000][2.601s] GC(2) Pause Remark
[2022-12-12T21:44:59.153+0000][2.603s] GC(2) Cleaned string and symbol table, strings: 8900 processed, 0 removed, symbols: 60207 processed, 39 removed
[2022-12-12T21:44:59.154+0000][2.604s] GC(2) Pause Remark 24M->24M(512M) 2.756ms
[2022-12-12T21:44:59.154+0000][2.604s] GC(2) User=0.01s Sys=0.00s Real=0.00s
[2022-12-12T21:44:59.154+0000][2.605s] GC(2) Concurrent Rebuild Remembered Sets
[2022-12-12T21:44:59.157+0000][2.608s] GC(2) Concurrent Rebuild Remembered Sets 3.019ms
[2022-12-12T21:44:59.158+0000][2.609s] GC(2) Pause Cleanup
[2022-12-12T21:44:59.159+0000][2.609s] GC(2) Pause Cleanup 24M->24M(512M) 0.398ms
[2022-12-12T21:44:59.159+0000][2.609s] GC(2) User=0.00s Sys=0.00s Real=0.00s
[2022-12-12T21:44:59.160+0000][2.611s] GC(2) Concurrent Cleanup for Next Mark
[2022-12-12T21:44:59.162+0000][2.612s] GC(2) Concurrent Cleanup for Next Mark 1.579ms
[2022-12-12T21:44:59.162+0000][2.613s] GC(2) Concurrent Cycle 22.219ms
[2022-12-12T21:45:00.049+0000][3.500s] GC(3) Pause Young (Normal) (G1 Evacuation Pause)
[2022-12-12T21:45:00.050+0000][3.500s] GC(3) Using 6 workers of 6 for evacuation
[2022-12-12T21:45:00.062+0000][3.512s] GC(3)   Pre Evacuate Collection Set: 0.0ms
[2022-12-12T21:45:00.062+0000][3.512s] GC(3)   Evacuate Collection Set: 9.3ms
[2022-12-12T21:45:00.062+0000][3.513s] GC(3)   Post Evacuate Collection Set: 2.4ms
[2022-12-12T21:45:00.062+0000][3.513s] GC(3)   Other: 0.5ms
[2022-12-12T21:45:00.063+0000][3.513s] GC(3) Eden regions: 62->0(100)
[2022-12-12T21:45:00.063+0000][3.513s] GC(3) Survivor regions: 19->5(11)
[2022-12-12T21:45:00.063+0000][3.514s] GC(3) Old regions: 2->21
[2022-12-12T21:45:00.063+0000][3.514s] GC(3) Humongous regions: 4->4
[2022-12-12T21:45:00.064+0000][3.514s] GC(3) Metaspace: 28790K->28790K(1075200K)
[2022-12-12T21:45:00.064+0000][3.514s] GC(3) Pause Young (Normal) (G1 Evacuation Pause) 85M->27M(512M) 14.316ms
[2022-12-12T21:45:00.064+0000][3.514s] GC(3) User=0.05s Sys=0.01s Real=0.01s
[2022-12-12T21:45:00.705+0000][4.156s] GC(4) Pause Young (Concurrent Start) (Metadata GC Threshold)
[2022-12-12T21:45:00.706+0000][4.156s] GC(4) Using 6 workers of 6 for evacuation
[2022-12-12T21:45:00.713+0000][4.164s] GC(4)   Pre Evacuate Collection Set: 0.1ms
[2022-12-12T21:45:00.714+0000][4.164s] GC(4)   Evacuate Collection Set: 4.7ms
[2022-12-12T21:45:00.714+0000][4.165s] GC(4)   Post Evacuate Collection Set: 2.1ms
[2022-12-12T21:45:00.714+0000][4.165s] GC(4)   Other: 1.0ms
[2022-12-12T21:45:00.715+0000][4.165s] GC(4) Eden regions: 59->0(123)
[2022-12-12T21:45:00.715+0000][4.166s] GC(4) Survivor regions: 5->6(14)
[2022-12-12T21:45:00.716+0000][4.166s] GC(4) Old regions: 21->21
[2022-12-12T21:45:00.716+0000][4.166s] GC(4) Humongous regions: 4->4
[2022-12-12T21:45:00.716+0000][4.167s] GC(4) Metaspace: 34594K->34594K(1081344K)
[2022-12-12T21:45:00.717+0000][4.167s] GC(4) Pause Young (Concurrent Start) (Metadata GC Threshold) 86M->28M(512M) 11.322ms
[2022-12-12T21:45:00.717+0000][4.167s] GC(4) User=0.05s Sys=0.00s Real=0.01s
[2022-12-12T21:45:00.717+0000][4.168s] GC(5) Concurrent Cycle
[2022-12-12T21:45:00.718+0000][4.168s] GC(5) Concurrent Clear Claimed Marks
[2022-12-12T21:45:00.718+0000][4.168s] GC(5) Concurrent Clear Claimed Marks 0.409ms
[2022-12-12T21:45:00.718+0000][4.169s] GC(5) Concurrent Scan Root Regions
[2022-12-12T21:45:00.720+0000][4.170s] GC(5) Concurrent Scan Root Regions 1.813ms
[2022-12-12T21:45:00.720+0000][4.171s] GC(5) Concurrent Mark (4.171s)
[2022-12-12T21:45:00.720+0000][4.171s] GC(5) Concurrent Mark From Roots
[2022-12-12T21:45:00.721+0000][4.171s] GC(5) Using 2 workers of 2 for marking
[2022-12-12T21:45:00.733+0000][4.183s] GC(5) Concurrent Mark From Roots 12.133ms
[2022-12-12T21:45:00.733+0000][4.183s] GC(5) Concurrent Preclean
[2022-12-12T21:45:00.733+0000][4.184s] GC(5) Concurrent Preclean 0.277ms
[2022-12-12T21:45:00.733+0000][4.184s] GC(5) Concurrent Mark (4.171s, 4.184s) 13.148ms
[2022-12-12T21:45:00.734+0000][4.184s] GC(5) Pause Remark
[2022-12-12T21:45:00.740+0000][4.190s] GC(5) Cleaned string and symbol table, strings: 15683 processed, 27 removed, symbols: 101466 processed, 119 removed
[2022-12-12T21:45:00.740+0000][4.191s] GC(5) Pause Remark 29M->29M(512M) 6.607ms
[2022-12-12T21:45:00.741+0000][4.191s] GC(5) User=0.03s Sys=0.01s Real=0.01s
[2022-12-12T21:45:00.741+0000][4.191s] GC(5) Concurrent Rebuild Remembered Sets
[2022-12-12T21:45:00.747+0000][4.198s] GC(5) Concurrent Rebuild Remembered Sets 6.256ms
[2022-12-12T21:45:00.748+0000][4.198s] GC(5) Pause Cleanup
[2022-12-12T21:45:00.748+0000][4.199s] GC(5) Pause Cleanup 29M->29M(512M) 0.514ms
[2022-12-12T21:45:00.748+0000][4.199s] GC(5) User=0.00s Sys=0.00s Real=0.00s
[2022-12-12T21:45:00.749+0000][4.199s] GC(5) Concurrent Cleanup for Next Mark
[2022-12-12T21:45:00.749+0000][4.200s] GC(5) Concurrent Cleanup for Next Mark 0.634ms
[2022-12-12T21:45:00.750+0000][4.200s] GC(5) Concurrent Cycle 32.324ms
[2022-12-12T21:45:01.936+0000][5.387s] GC(6) Pause Young (Normal) (G1 Evacuation Pause)
[2022-12-12T21:45:01.937+0000][5.387s] GC(6) Using 6 workers of 6 for evacuation
[2022-12-12T21:45:01.948+0000][5.399s] GC(6)   Pre Evacuate Collection Set: 0.0ms
[2022-12-12T21:45:01.949+0000][5.399s] GC(6)   Evacuate Collection Set: 6.1ms
[2022-12-12T21:45:01.949+0000][5.399s] GC(6)   Post Evacuate Collection Set: 4.9ms
[2022-12-12T21:45:01.949+0000][5.400s] GC(6)   Other: 0.7ms
[2022-12-12T21:45:01.949+0000][5.400s] GC(6) Eden regions: 123->0(177)
[2022-12-12T21:45:01.950+0000][5.400s] GC(6) Survivor regions: 6->11(17)
[2022-12-12T21:45:01.950+0000][5.400s] GC(6) Old regions: 21->21
[2022-12-12T21:45:01.950+0000][5.401s] GC(6) Humongous regions: 4->4
[2022-12-12T21:45:01.950+0000][5.401s] GC(6) Metaspace: 41997K->41997K(1087488K)
[2022-12-12T21:45:01.950+0000][5.401s] GC(6) Pause Young (Normal) (G1 Evacuation Pause) 151M->33M(512M) 14.009ms
[2022-12-12T21:45:01.951+0000][5.401s] GC(6) User=0.07s Sys=0.00s Real=0.02s
[2022-12-12T21:55:42.298+0000][645.749s] Heap
[2022-12-12T21:55:42.298+0000][645.749s]  garbage-first heap   total 524288K, used 195079K [0x00000000e0000000, 0x0000000100000000)
[2022-12-12T21:55:42.299+0000][645.749s]   region size 1024K, 167 young (171008K), 11 survivors (11264K)
[2022-12-12T21:55:42.299+0000][645.750s]  Metaspace       used 50451K, capacity 51728K, committed 51912K, reserved 1095680K
[2022-12-12T21:55:42.299+0000][645.750s]   class space    used 6157K, capacity 6689K, committed 6732K, reserved 1048576K
